============================= test session starts =============================
platform win32 -- Python 3.11.9, pytest-8.0.0, pluggy-1.6.0
rootdir: C:\Users\Dell\Desktop\AI Agent\backend
configfile: pytest.ini
plugins: anyio-4.12.1, asyncio-0.23.5
asyncio: mode=Mode.AUTO
collected 26 items / 7 errors

=================================== ERRORS ====================================
_____________________ ERROR collecting tests/test_api.py ______________________
ImportError while importing test module 'C:\Users\Dell\Desktop\AI Agent\backend\tests\test_api.py'.
Hint: make sure your test modules/packages have valid Python names.
Traceback:
..\..\..\AppData\Local\Programs\Python\Python311\Lib\importlib\__init__.py:126: in import_module
    return _bootstrap._gcd_import(name[level:], package, level)
tests\test_api.py:10: in <module>
    from main import app
main.py:4: in <module>
    from api.chat import router as chat_router
api\chat.py:6: in <module>
    from agent.unified_graph import chat_recursion_config, final_assistant_text, get_unified_graph
agent\unified_graph.py:14: in <module>
    from rag.rag_chain import RAGAnswer, RAGChunkInfo
rag\__init__.py:15: in <module>
    from .rag_chain import (
E   ImportError: cannot import name 'RAGChain' from 'rag.rag_chain' (C:\Users\Dell\Desktop\AI Agent\backend\rag\rag_chain.py)
_______________ ERROR collecting tests/test_chat_sse_helpers.py _______________
ImportError while importing test module 'C:\Users\Dell\Desktop\AI Agent\backend\tests\test_chat_sse_helpers.py'.
Hint: make sure your test modules/packages have valid Python names.
Traceback:
..\..\..\AppData\Local\Programs\Python\Python311\Lib\importlib\__init__.py:126: in import_module
    return _bootstrap._gcd_import(name[level:], package, level)
tests\test_chat_sse_helpers.py:5: in <module>
    from api.chat import (
api\chat.py:6: in <module>
    from agent.unified_graph import chat_recursion_config, final_assistant_text, get_unified_graph
agent\unified_graph.py:16: in <module>
    from .graph import get_unified_graph as _get_unified_graph
agent\graph\__init__.py:5: in <module>
    from .builder import build_unified_graph, default_chat_llm, default_llms
agent\graph\builder.py:11: in <module>
    from .nodes import (
agent\graph\nodes\__init__.py:4: in <module>
    from .llm_node import create_llm_node
agent\graph\nodes\llm_node.py:13: in <module>
    from ..tool_calling import get_tools_for_graph
agent\graph\tool_calling.py:24: in <module>
    from ..tools.registry import registry
agent\tools\registry.py:8: in <module>
    from .document_search import document_search_tool
agent\tools\document_search.py:11: in <module>
    from rag.runtime_retrieval import retrieve_documents
rag\__init__.py:15: in <module>
    from .rag_chain import (
E   ImportError: cannot import name 'RAGChain' from 'rag.rag_chain' (C:\Users\Dell\Desktop\AI Agent\backend\rag\rag_chain.py)
------------------------------- Captured stdout -------------------------------
[32m2026-03-22 16:48:38.581[0m | [1mINFO    [0m | [36mcore.cache[0m:[36m__init__[0m:[36m126[0m - [1mREDIS_URL not set ù cache will use in-memory fallback.[0m
______________ ERROR collecting tests/test_graph_tool_calling.py ______________
ImportError while importing test module 'C:\Users\Dell\Desktop\AI Agent\backend\tests\test_graph_tool_calling.py'.
Hint: make sure your test modules/packages have valid Python names.
Traceback:
..\..\..\AppData\Local\Programs\Python\Python311\Lib\importlib\__init__.py:126: in import_module
    return _bootstrap._gcd_import(name[level:], package, level)
tests\test_graph_tool_calling.py:3: in <module>
    from agent.graph.tool_calling import get_tools_for_graph
agent\graph\__init__.py:5: in <module>
    from .builder import build_unified_graph, default_chat_llm, default_llms
agent\graph\builder.py:11: in <module>
    from .nodes import (
agent\graph\nodes\__init__.py:4: in <module>
    from .llm_node import create_llm_node
agent\graph\nodes\llm_node.py:13: in <module>
    from ..tool_calling import get_tools_for_graph
agent\graph\tool_calling.py:24: in <module>
    from ..tools.registry import registry
agent\tools\registry.py:8: in <module>
    from .document_search import document_search_tool
agent\tools\document_search.py:11: in <module>
    from rag.runtime_retrieval import retrieve_documents
rag\__init__.py:15: in <module>
    from .rag_chain import (
E   ImportError: cannot import name 'RAGChain' from 'rag.rag_chain' (C:\Users\Dell\Desktop\AI Agent\backend\rag\rag_chain.py)
____________ ERROR collecting tests/test_persistent_vectorstore.py ____________
ImportError while importing test module 'C:\Users\Dell\Desktop\AI Agent\backend\tests\test_persistent_vectorstore.py'.
Hint: make sure your test modules/packages have valid Python names.
Traceback:
..\..\..\AppData\Local\Programs\Python\Python311\Lib\importlib\__init__.py:126: in import_module
    return _bootstrap._gcd_import(name[level:], package, level)
tests\test_persistent_vectorstore.py:8: in <module>
    from rag.vectorstore import PersistentVectorStore, _faiss_index_exists
rag\__init__.py:15: in <module>
    from .rag_chain import (
E   ImportError: cannot import name 'RAGChain' from 'rag.rag_chain' (C:\Users\Dell\Desktop\AI Agent\backend\rag\rag_chain.py)
__________________ ERROR collecting tests/test_rag_query.py ___________________
ImportError while importing test module 'C:\Users\Dell\Desktop\AI Agent\backend\tests\test_rag_query.py'.
Hint: make sure your test modules/packages have valid Python names.
Traceback:
..\..\..\AppData\Local\Programs\Python\Python311\Lib\importlib\__init__.py:126: in import_module
    return _bootstrap._gcd_import(name[level:], package, level)
tests\test_rag_query.py:8: in <module>
    from main import app
main.py:4: in <module>
    from api.chat import router as chat_router
api\chat.py:6: in <module>
    from agent.unified_graph import chat_recursion_config, final_assistant_text, get_unified_graph
agent\unified_graph.py:16: in <module>
    from .graph import get_unified_graph as _get_unified_graph
agent\graph\__init__.py:5: in <module>
    from .builder import build_unified_graph, default_chat_llm, default_llms
agent\graph\builder.py:11: in <module>
    from .nodes import (
agent\graph\nodes\__init__.py:4: in <module>
    from .llm_node import create_llm_node
agent\graph\nodes\llm_node.py:13: in <module>
    from ..tool_calling import get_tools_for_graph
agent\graph\tool_calling.py:24: in <module>
    from ..tools.registry import registry
agent\tools\registry.py:8: in <module>
    from .document_search import document_search_tool
agent\tools\document_search.py:11: in <module>
    from rag.runtime_retrieval import retrieve_documents
rag\__init__.py:15: in <module>
    from .rag_chain import (
E   ImportError: cannot import name 'RAGChain' from 'rag.rag_chain' (C:\Users\Dell\Desktop\AI Agent\backend\rag\rag_chain.py)
___________________ ERROR collecting tests/test_registry.py ___________________
ImportError while importing test module 'C:\Users\Dell\Desktop\AI Agent\backend\tests\test_registry.py'.
Hint: make sure your test modules/packages have valid Python names.
Traceback:
..\..\..\AppData\Local\Programs\Python\Python311\Lib\importlib\__init__.py:126: in import_module
    return _bootstrap._gcd_import(name[level:], package, level)
tests\test_registry.py:6: in <module>
    from agent.tools.registry import registry
agent\tools\registry.py:8: in <module>
    from .document_search import document_search_tool
agent\tools\document_search.py:11: in <module>
    from rag.runtime_retrieval import retrieve_documents
rag\__init__.py:15: in <module>
    from .rag_chain import (
E   ImportError: cannot import name 'RAGChain' from 'rag.rag_chain' (C:\Users\Dell\Desktop\AI Agent\backend\rag\rag_chain.py)
____________________ ERROR collecting tests/test_upload.py ____________________
ImportError while importing test module 'C:\Users\Dell\Desktop\AI Agent\backend\tests\test_upload.py'.
Hint: make sure your test modules/packages have valid Python names.
Traceback:
..\..\..\AppData\Local\Programs\Python\Python311\Lib\importlib\__init__.py:126: in import_module
    return _bootstrap._gcd_import(name[level:], package, level)
tests\test_upload.py:8: in <module>
    from main import app
main.py:4: in <module>
    from api.chat import router as chat_router
api\chat.py:6: in <module>
    from agent.unified_graph import chat_recursion_config, final_assistant_text, get_unified_graph
agent\unified_graph.py:16: in <module>
    from .graph import get_unified_graph as _get_unified_graph
agent\graph\__init__.py:5: in <module>
    from .builder import build_unified_graph, default_chat_llm, default_llms
agent\graph\builder.py:11: in <module>
    from .nodes import (
agent\graph\nodes\__init__.py:4: in <module>
    from .llm_node import create_llm_node
agent\graph\nodes\llm_node.py:13: in <module>
    from ..tool_calling import get_tools_for_graph
agent\graph\tool_calling.py:24: in <module>
    from ..tools.registry import registry
agent\tools\registry.py:8: in <module>
    from .document_search import document_search_tool
agent\tools\document_search.py:11: in <module>
    from rag.runtime_retrieval import retrieve_documents
rag\__init__.py:15: in <module>
    from .rag_chain import (
E   ImportError: cannot import name 'RAGChain' from 'rag.rag_chain' (C:\Users\Dell\Desktop\AI Agent\backend\rag\rag_chain.py)
============================== warnings summary ===============================
venv\Lib\site-packages\starlette\formparsers.py:12
  C:\Users\Dell\Desktop\AI Agent\backend\venv\Lib\site-packages\starlette\formparsers.py:12: PendingDeprecationWarning: Please use `import python_multipart` instead.
    import multipart

<frozen importlib._bootstrap>:241
  <frozen importlib._bootstrap>:241: DeprecationWarning: builtin type SwigPyPacked has no __module__ attribute

<frozen importlib._bootstrap>:241
  <frozen importlib._bootstrap>:241: DeprecationWarning: builtin type SwigPyObject has no __module__ attribute

<frozen importlib._bootstrap>:241
  <frozen importlib._bootstrap>:241: DeprecationWarning: builtin type swigvarlink has no __module__ attribute

-- Docs: https://docs.pytest.org/en/stable/how-to/capture-warnings.html
=========================== short test summary info ===========================
ERROR tests/test_api.py
ERROR tests/test_chat_sse_helpers.py
ERROR tests/test_graph_tool_calling.py
ERROR tests/test_persistent_vectorstore.py
ERROR tests/test_rag_query.py
ERROR tests/test_registry.py
ERROR tests/test_upload.py
!!!!!!!!!!!!!!!!!!! Interrupted: 7 errors during collection !!!!!!!!!!!!!!!!!!!
======================= 4 warnings, 7 errors in 12.30s ========================
