============================= test session starts =============================
platform win32 -- Python 3.11.9, pytest-8.0.0, pluggy-1.6.0
rootdir: C:\Users\Dell\Desktop\AI Agent\backend
configfile: pytest.ini
testpaths: tests
plugins: anyio-4.12.1, asyncio-0.23.5
asyncio: mode=Mode.AUTO
collected 48 items

tests\test_api.py .                                                      [  2%]
tests\test_calculator.py ....                                            [ 10%]
tests\test_chat_sse_helpers.py ....                                      [ 18%]
tests\test_custom_api.py ...                                             [ 25%]
tests\test_embeddings_singleton.py .                                     [ 27%]
tests\test_graph_tool_calling.py ..                                      [ 31%]
tests\test_memory.py ...                                                 [ 37%]
tests\test_persistent_vectorstore.py ..                                  [ 41%]
tests\test_rag.py .......                                                [ 56%]
tests\test_rag_query.py ..                                               [ 60%]
tests\test_registry.py .........                                         [ 79%]
tests\test_retriever.py ...                                              [ 85%]
tests\test_sql_db.py FFF.                                                [ 93%]
tests\test_upload.py ..                                                  [ 97%]
tests\test_vector_memory.py .                                            [100%]

================================== FAILURES ===================================
C:\Users\Dell\Desktop\AI Agent\backend\venv\Lib\site-packages\langchain_core\tools\structured.py:70: NotImplementedError: StructuredTool does not support sync invocation.
C:\Users\Dell\Desktop\AI Agent\backend\venv\Lib\site-packages\langchain_core\tools\structured.py:70: NotImplementedError: StructuredTool does not support sync invocation.
C:\Users\Dell\Desktop\AI Agent\backend\venv\Lib\site-packages\langchain_core\tools\structured.py:70: NotImplementedError: StructuredTool does not support sync invocation.
============================== warnings summary ===============================
venv\Lib\site-packages\starlette\formparsers.py:12
  C:\Users\Dell\Desktop\AI Agent\backend\venv\Lib\site-packages\starlette\formparsers.py:12: PendingDeprecationWarning: Please use `import python_multipart` instead.
    import multipart

<frozen importlib._bootstrap>:241
  <frozen importlib._bootstrap>:241: DeprecationWarning: builtin type SwigPyPacked has no __module__ attribute

<frozen importlib._bootstrap>:241
  <frozen importlib._bootstrap>:241: DeprecationWarning: builtin type SwigPyObject has no __module__ attribute

<frozen importlib._bootstrap>:241
  <frozen importlib._bootstrap>:241: DeprecationWarning: builtin type swigvarlink has no __module__ attribute

tests/test_api.py::test_streaming_endpoint_returns_sse
  C:\Users\Dell\Desktop\AI Agent\backend\api\chat.py:143: LangChainDeprecationWarning: `connection_string` was deprecated in LangChain 0.2.2 and will be removed in 1.0. Use connection instead.
    memory = memory_manager.get_memory(request.session_id)

tests/test_persistent_vectorstore.py::test_chroma_persist_and_search
  C:\Users\Dell\Desktop\AI Agent\backend\rag\vectorstore.py:129: LangChainDeprecationWarning: The class `Chroma` was deprecated in LangChain 0.2.9 and will be removed in 1.0. An updated version of the class exists in the langchain-chroma package and should be used instead. To use it run `pip install -U langchain-chroma` and import as `from langchain_chroma import Chroma`.
    return Chroma(

tests/test_persistent_vectorstore.py::test_chroma_persist_and_search
  C:\Users\Dell\Desktop\AI Agent\backend\rag\vectorstore.py:215: LangChainDeprecationWarning: Since Chroma 0.4.x the manual persistence method is no longer supported as docs are automatically persisted.
    self._vs.persist()

-- Docs: https://docs.pytest.org/en/stable/how-to/capture-warnings.html
=========================== short test summary info ===========================
FAILED tests/test_sql_db.py::test_sql_valid_query - NotImplementedError: Stru...
FAILED tests/test_sql_db.py::test_sql_valid_query_bob - NotImplementedError: ...
FAILED tests/test_sql_db.py::test_sql_syntax_error - NotImplementedError: Str...
================== 3 failed, 45 passed, 7 warnings in 29.85s ==================
